// Jest Snapshot v1, https://goo.gl/fbAQLP

exports[`getIdentityInformation should return identity information 1`] = `
Object {
  "address": Object {
    "country": "country",
    "locality": "locality",
    "postalCode": "postalCode",
    "region": "region",
    "streetAddress": "streetAddress",
  },
  "birthDate": "2000-01-01",
  "displayName": "displayName#1234",
  "familyName": "familyName",
  "gender": "gender",
  "givenName": "givenName",
  "gravatar": "https://gravatar.url/",
  "locale": "sv-SE",
  "middleName": "middleName",
  "nickname": "nickname",
  "phoneNumber": "+46700000000",
  "picture": "https://picture.url/",
  "preferredUsername": "preferredUsername",
  "profile": "https://profile.url/",
  "username": "username",
  "website": "https://website.url/",
  "zoneInfo": "Europe/Stockholm",
}
`;
