// Jest Snapshot v1, https://goo.gl/fbAQLP

exports[`findRandomNumber should throw error if number could not be found 1`] = `[Error: Unable to find a random value]`;
