// Jest Snapshot v1, https://goo.gl/fbAQLP

exports[`getOpenIdInformation should return identity information 1`] = `
Object {
  "displayName": "displayName#1234",
  "gravatar": "https://gravatar.url/",
  "openId": "mock-open-id-data",
}
`;
